// Vitest Snapshot v1, https://vitest.dev/guide/snapshot.html

exports[`The Viewer > should match the snapshot 1`] = `
<section
  class="viewer"
  data-v-523bb9d8=""
>
  <section
    class="viewer__credit"
    data-v-523bb9d8=""
  >
    <p
      data-v-523bb9d8=""
    >
       Developed with ♥️ by 
      <a
        class="viewer__credit-link"
        data-v-523bb9d8=""
        href="https://github.com/SLJyothi"
      >
         Jyothi SL 
      </a>
    </p>
  </section>
  <div
    class="viewer__avatar"
    data-v-523bb9d8=""
  >
    <the-character-stub
      data-v-523bb9d8=""
    />
  </div>
  <section
    class="viewer__credit"
    data-v-523bb9d8=""
  >
    <p
      data-v-523bb9d8=""
    >
       Create for Fun 
    </p>
  </section>
  <button
    class="viewer__btn"
    data-v-523bb9d8=""
    type="button"
  >
    Download Image
  </button>
</section>
`;
